// Jest Snapshot v1, https://goo.gl/fbAQLP

exports[`<Cart/> renders and matches snapshot 1`] = `
<header>
  <CloseButton
    className="close"
    onClick={[Function]}
  >
    <button
      className="close CloseButton-sc-1seb878-0 lbNKfp"
      onClick={[Function]}
    >
      Ã—
    </button>
  </CloseButton>
  <Supreme>
    <h3
      className="Supreme-xv30qb-0 hpaXsq"
    >
      Miss Coleman Berge
      's
       Cart
    </h3>
  </Supreme>
  <p>
    You have 
    3
     
    Item(s) in your cart.
  </p>
</header>
`;
